Circuit: * /Users/torque/programs/spice-noise-daemon/test.asc

Direct Newton iteration for .op point succeeded.

Date: Mon Aug  1 00:40:32 2022
Total elapsed time: 0.027 seconds.

tnom = 27
temp = 27
method = modified trap
totiter = 8695
traniter = 8692
tranpoints = 4347
accept = 4347
rejected = 0
matrix size = 4
fillins = 0
solver = Normal
Matrix Compiler1:       5 opcodes  0.1/0.1/[0.0]
Matrix Compiler2:      18 opcodes  0.0/[0.0]/0.1

